Archive member included to satisfy reference by file (symbol)

C:/Users/admin/AppData/Local/stm32cube/bundles/gnu-tools-for-stm32/14.3.1+st.2/bin/../lib/gcc/arm-none-eabi/14.3.1/thumb/v7e-m+fp/hard\libgcc.a(_aeabi_uldivmod.o)
                              CMakeFiles/STM32_Drivers.dir/C_/Users/admin/OneDrive/Desktop/LRI/HAL-1-HW/temp_H755_Test/H755_ServoTest/Drivers/STM32H7xx_HAL_Driver/Src/stm32h7xx_hal_uart.c.obj (__aeabi_uldivmod)
C:/Users/admin/AppData/Local/stm32cube/bundles/gnu-tools-for-stm32/14.3.1+st.2/bin/../lib/gcc/arm-none-eabi/14.3.1/thumb/v7e-m+fp/hard\libgcc.a(_udivmoddi4.o)
                              C:/Users/admin/AppData/Local/stm32cube/bundles/gnu-tools-for-stm32/14.3.1+st.2/bin/../lib/gcc/arm-none-eabi/14.3.1/thumb/v7e-m+fp/hard\libgcc.a(_aeabi_uldivmod.o) (__udivmoddi4)
C:/Users/admin/AppData/Local/stm32cube/bundles/gnu-tools-for-stm32/14.3.1+st.2/bin/../lib/gcc/arm-none-eabi/14.3.1/thumb/v7e-m+fp/hard\libgcc.a(_dvmd_tls.o)
                              C:/Users/admin/AppData/Local/stm32cube/bundles/gnu-tools-for-stm32/14.3.1+st.2/bin/../lib/gcc/arm-none-eabi/14.3.1/thumb/v7e-m+fp/hard\libgcc.a(_aeabi_uldivmod.o) (__aeabi_ldiv0)
C:/Users/admin/AppData/Local/stm32cube/bundles/gnu-tools-for-stm32/14.3.1+st.2/bin/../lib/gcc/arm-none-eabi/14.3.1/../../../../arm-none-eabi/lib/thumb/v7e-m+fp/hard\libg_nano.a(libc_a-exit.o)
                              C:/Users/admin/AppData/Local/stm32cube/bundles/gnu-tools-for-stm32/14.3.1+st.2/bin/../lib/gcc/arm-none-eabi/14.3.1/../../../../arm-none-eabi/lib/thumb/v7e-m+fp/hard/crt0.o (exit)
C:/Users/admin/AppData/Local/stm32cube/bundles/gnu-tools-for-stm32/14.3.1+st.2/bin/../lib/gcc/arm-none-eabi/14.3.1/../../../../arm-none-eabi/lib/thumb/v7e-m+fp/hard\libg_nano.a(libc_a-findfp.o)
                              C:/Users/admin/AppData/Local/stm32cube/bundles/gnu-tools-for-stm32/14.3.1+st.2/bin/../lib/gcc/arm-none-eabi/14.3.1/../../../../arm-none-eabi/lib/thumb/v7e-m+fp/hard\libg_nano.a(libc_a-exit.o) (__stdio_exit_handler)
C:/Users/admin/AppData/Local/stm32cube/bundles/gnu-tools-for-stm32/14.3.1+st.2/bin/../lib/gcc/arm-none-eabi/14.3.1/../../../../arm-none-eabi/lib/thumb/v7e-m+fp/hard\libg_nano.a(libc_a-fwalk.o)
                              C:/Users/admin/AppData/Local/stm32cube/bundles/gnu-tools-for-stm32/14.3.1+st.2/bin/../lib/gcc/arm-none-eabi/14.3.1/../../../../arm-none-eabi/lib/thumb/v7e-m+fp/hard\libg_nano.a(libc_a-findfp.o) (_fwalk_sglue)
C:/Users/admin/AppData/Local/stm32cube/bundles/gnu-tools-for-stm32/14.3.1+st.2/bin/../lib/gcc/arm-none-eabi/14.3.1/../../../../arm-none-eabi/lib/thumb/v7e-m+fp/hard\libg_nano.a(libc_a-stdio.o)
                              C:/Users/admin/AppData/Local/stm32cube/bundles/gnu-tools-for-stm32/14.3.1+st.2/bin/../lib/gcc/arm-none-eabi/14.3.1/../../../../arm-none-eabi/lib/thumb/v7e-m+fp/hard\libg_nano.a(libc_a-findfp.o) (__sread)
C:/Users/admin/AppData/Local/stm32cube/bundles/gnu-tools-for-stm32/14.3.1+st.2/bin/../lib/gcc/arm-none-eabi/14.3.1/../../../../arm-none-eabi/lib/thumb/v7e-m+fp/hard\libg_nano.a(libc_a-memset.o)
                              C:/Users/admin/AppData/Local/stm32cube/bundles/gnu-tools-for-stm32/14.3.1+st.2/bin/../lib/gcc/arm-none-eabi/14.3.1/../../../../arm-none-eabi/lib/thumb/v7e-m+fp/hard/crt0.o (memset)
C:/Users/admin/AppData/Local/stm32cube/bundles/gnu-tools-for-stm32/14.3.1+st.2/bin/../lib/gcc/arm-none-eabi/14.3.1/../../../../arm-none-eabi/lib/thumb/v7e-m+fp/hard\libg_nano.a(libc_a-closer.o)
                              C:/Users/admin/AppData/Local/stm32cube/bundles/gnu-tools-for-stm32/14.3.1+st.2/bin/../lib/gcc/arm-none-eabi/14.3.1/../../../../arm-none-eabi/lib/thumb/v7e-m+fp/hard\libg_nano.a(libc_a-stdio.o) (_close_r)
C:/Users/admin/AppData/Local/stm32cube/bundles/gnu-tools-for-stm32/14.3.1+st.2/bin/../lib/gcc/arm-none-eabi/14.3.1/../../../../arm-none-eabi/lib/thumb/v7e-m+fp/hard\libg_nano.a(libc_a-reent.o)
                              C:/Users/admin/AppData/Local/stm32cube/bundles/gnu-tools-for-stm32/14.3.1+st.2/bin/../lib/gcc/arm-none-eabi/14.3.1/../../../../arm-none-eabi/lib/thumb/v7e-m+fp/hard\libg_nano.a(libc_a-closer.o) (errno)
C:/Users/admin/AppData/Local/stm32cube/bundles/gnu-tools-for-stm32/14.3.1+st.2/bin/../lib/gcc/arm-none-eabi/14.3.1/../../../../arm-none-eabi/lib/thumb/v7e-m+fp/hard\libg_nano.a(libc_a-impure.o)
                              C:/Users/admin/AppData/Local/stm32cube/bundles/gnu-tools-for-stm32/14.3.1+st.2/bin/../lib/gcc/arm-none-eabi/14.3.1/../../../../arm-none-eabi/lib/thumb/v7e-m+fp/hard\libg_nano.a(libc_a-reent.o) (_impure_ptr)
C:/Users/admin/AppData/Local/stm32cube/bundles/gnu-tools-for-stm32/14.3.1+st.2/bin/../lib/gcc/arm-none-eabi/14.3.1/../../../../arm-none-eabi/lib/thumb/v7e-m+fp/hard\libg_nano.a(libc_a-lseekr.o)
                              C:/Users/admin/AppData/Local/stm32cube/bundles/gnu-tools-for-stm32/14.3.1+st.2/bin/../lib/gcc/arm-none-eabi/14.3.1/../../../../arm-none-eabi/lib/thumb/v7e-m+fp/hard\libg_nano.a(libc_a-stdio.o) (_lseek_r)
[...]
Memory Configuration

Name             Origin             Length             Attributes
FLASH            0x08100000         0x00100000         xr
RAM              0x10000000         0x00048000         xrw
*default*        0x00000000         0xffffffff

Linker script and memory map

LOAD C:/Users/admin/AppData/Local/stm32cube/bundles/gnu-tools-for-stm32/14.3.1+st.2/bin/../lib/gcc/arm-none-eabi/14.3.1/thumb/v7e-m+fp/hard/crti.o
LOAD C:/Users/admin/AppData/Local/stm32cube/bundles/gnu-tools-for-stm32/14.3.1+st.2/bin/../lib/gcc/arm-none-eabi/14.3.1/thumb/v7e-m+fp/hard/crtbegin.o
LOAD C:/Users/admin/AppData/Local/stm32cube/bundles/gnu-tools-for-stm32/14.3.1+st.2/bin/../lib/gcc/arm-none-eabi/14.3.1/../../../../arm-none-eabi/lib/thumb/v7e-m+fp/hard/crt0.o
LOAD CMakeFiles/STM32_Drivers.dir/C_/Users/admin/OneDrive/Desktop/LRI/HAL-1-HW/temp_H755_Test/H755_ServoTest/Common/Src/system_stm32h7xx_dualcore_boot_cm4_cm7.c.obj
LOAD CMakeFiles/STM32_Drivers.dir/C_/Users/admin/OneDrive/Desktop/LRI/HAL-1-HW/temp_H755_Test/H755_ServoTest/Drivers/STM32H7xx_HAL_Driver/Src/stm32h7xx_hal_cortex.c.obj
LOAD CMakeFiles/STM32_Drivers.dir/C_/Users/admin/OneDrive/Desktop/LRI/HAL-1-HW/temp_H755_Test/H755_ServoTest/Drivers/STM32H7xx_HAL_Driver/Src/stm32h7xx_hal_rcc.c.obj
LOAD CMakeFiles/STM32_Drivers.dir/C_/Users/admin/OneDrive/Desktop/LRI/HAL-1-HW/temp_H755_Test/H755_ServoTest/Drivers/STM32H7xx_HAL_Driver/Src/stm32h7xx_hal_rcc_ex.c.obj
LOAD CMakeFiles/STM32_Drivers.dir/C_/Users/admin/OneDrive/Desktop/LRI/HAL-1-HW/temp_H755_Test/H755_ServoTest/Drivers/STM32H7xx_HAL_Driver/Src/stm32h7xx_hal_flash.c.obj
LOAD CMakeFiles/STM32_Drivers.dir/f1b97a32db9cbd3c7d7a98cc727879f4/HAL-1-HW/temp_H755_Test/H755_ServoTest/Drivers/STM32H7xx_HAL_Driver/Src/stm32h7xx_hal_flash_ex.c.obj
LOAD CMakeFiles/STM32_Drivers.dir/C_/Users/admin/OneDrive/Desktop/LRI/HAL-1-HW/temp_H755_Test/H755_ServoTest/Drivers/STM32H7xx_HAL_Driver/Src/stm32h7xx_hal_gpio.c.obj
LOAD CMakeFiles/STM32_Drivers.dir/C_/Users/admin/OneDrive/Desktop/LRI/HAL-1-HW/temp_H755_Test/H755_ServoTest/Drivers/STM32H7xx_HAL_Driver/Src/stm32h7xx_hal_hsem.c.obj
LOAD CMakeFiles/STM32_Drivers.dir/C_/Users/admin/OneDrive/Desktop/LRI/HAL-1-HW/temp_H755_Test/H755_ServoTest/Drivers/STM32H7xx_HAL_Driver/Src/stm32h7xx_hal_dma.c.obj
LOAD CMakeFiles/STM32_Drivers.dir/C_/Users/admin/OneDrive/Desktop/LRI/HAL-1-HW/temp_H755_Test/H755_ServoTest/Drivers/STM32H7xx_HAL_Driver/Src/stm32h7xx_hal_dma_ex.c.obj
LOAD CMakeFiles/STM32_Drivers.dir/C_/Users/admin/OneDrive/Desktop/LRI/HAL-1-HW/temp_H755_Test/H755_ServoTest/Drivers/STM32H7xx_HAL_Driver/Src/stm32h7xx_hal_mdma.c.obj
LOAD CMakeFiles/STM32_Drivers.dir/C_/Users/admin/OneDrive/Desktop/LRI/HAL-1-HW/temp_H755_Test/H755_ServoTest/Drivers/STM32H7xx_HAL_Driver/Src/stm32h7xx_hal_pwr.c.obj
LOAD CMakeFiles/STM32_Drivers.dir/C_/Users/admin/OneDrive/Desktop/LRI/HAL-1-HW/temp_H755_Test/H755_ServoTest/Drivers/STM32H7xx_HAL_Driver/Src/stm32h7xx_hal_pwr_ex.c.obj
LOAD CMakeFiles/STM32_Drivers.dir/C_/Users/admin/OneDrive/Desktop/LRI/HAL-1-HW/temp_H755_Test/H755_ServoTest/Drivers/STM32H7xx_HAL_Driver/Src/stm32h7xx_hal.c.obj
LOAD CMakeFiles/STM32_Drivers.dir/C_/Users/admin/OneDrive/Desktop/LRI/HAL-1-HW/temp_H755_Test/H755_ServoTest/Drivers/STM32H7xx_HAL_Driver/Src/stm32h7xx_hal_i2c.c.obj
LOAD CMakeFiles/STM32_Drivers.dir/C_/Users/admin/OneDrive/Desktop/LRI/HAL-1-HW/temp_H755_Test/H755_ServoTest/Drivers/STM32H7xx_HAL_Driver/Src/stm32h7xx_hal_i2c_ex.c.obj
LOAD CMakeFiles/STM32_Drivers.dir/C_/Users/admin/OneDrive/Desktop/LRI/HAL-1-HW/temp_H755_Test/H755_ServoTest/Drivers/STM32H7xx_HAL_Driver/Src/stm32h7xx_hal_exti.c.obj
LOAD CMakeFiles/STM32_Drivers.dir/C_/Users/admin/OneDrive/Desktop/LRI/HAL-1-HW/temp_H755_Test/H755_ServoTest/Drivers/STM32H7xx_HAL_Driver/Src/stm32h7xx_hal_tim.c.obj
LOAD CMakeFiles/STM32_Drivers.dir/C_/Users/admin/OneDrive/Desktop/LRI/HAL-1-HW/temp_H755_Test/H755_ServoTest/Drivers/STM32H7xx_HAL_Driver/Src/stm32h7xx_hal_tim_ex.c.obj
LOAD CMakeFiles/STM32_Drivers.dir/C_/Users/admin/OneDrive/Desktop/LRI/HAL-1-HW/temp_H755_Test/H755_ServoTest/Drivers/STM32H7xx_HAL_Driver/Src/stm32h7xx_hal_usart.c.obj
LOAD CMakeFiles/STM32_Drivers.dir/f1b97a32db9cbd3c7d7a98cc727879f4/HAL-1-HW/temp_H755_Test/H755_ServoTest/Drivers/STM32H7xx_HAL_Driver/Src/stm32h7xx_hal_usart_ex.c.obj
LOAD CMakeFiles/STM32_Drivers.dir/f1b97a32db9cbd3c7d7a98cc727879f4/HAL-1-HW/temp_H755_Test/H755_ServoTest/Drivers/STM32H7xx_HAL_Driver/Src/stm32h7xx_hal_uart_ex.c.obj
LOAD CMakeFiles/STM32_Drivers.dir/C_/Users/admin/OneDrive/Desktop/LRI/HAL-1-HW/temp_H755_Test/H755_ServoTest/Drivers/STM32H7xx_HAL_Driver/Src/stm32h7xx_hal_uart.c.obj
LOAD CMakeFiles/STM32_Drivers.dir/C_/Users/admin/OneDrive/Desktop/LRI/HAL-1-HW/temp_H755_Test/H755_ServoTest/Drivers/BSP/STM32H7xx_Nucleo/stm32h7xx_nucleo.c.obj
LOAD CMakeFiles/H755_ServoTest_CM4.dir/Core/Src/main.c.obj
LOAD CMakeFiles/H755_ServoTest_CM4.dir/Core/Src/tim.c.obj
LOAD CMakeFiles/H755_ServoTest_CM4.dir/Core/Src/stm32h7xx_it.c.obj
LOAD CMakeFiles/H755_ServoTest_CM4.dir/Core/Src/stm32h7xx_hal_msp.c.obj
LOAD CMakeFiles/H755_ServoTest_CM4.dir/Core/Src/sysmem.c.obj
LOAD CMakeFiles/H755_ServoTest_CM4.dir/Core/Src/syscalls.c.obj
LOAD CMakeFiles/H755_ServoTest_CM4.dir/Core/Startup/startup_stm32h755xx_CM4.s.obj
LOAD C:/Users/admin/AppData/Local/stm32cube/bundles/gnu-tools-for-stm32/14.3.1+st.2/bin/../lib/gcc/arm-none-eabi/14.3.1/../../../../arm-none-eabi/lib/thumb/v7e-m+fp/hard\libm.a
START GROUP
LOAD C:/Users/admin/AppData/Local/stm32cube/bundles/gnu-tools-for-stm32/14.3.1+st.2/bin/../lib/gcc/arm-none-eabi/14.3.1/thumb/v7e-m+fp/hard\libgcc.a
LOAD C:/Users/admin/AppData/Local/stm32cube/bundles/gnu-tools-for-stm32/14.3.1+st.2/bin/../lib/gcc/arm-none-eabi/14.3.1/../../../../arm-none-eabi/lib/thumb/v7e-m+fp/hard\libg_nano.a
LOAD C:/Users/admin/AppData/Local/stm32cube/bundles/gnu-tools-for-stm32/14.3.1+st.2/bin/../lib/gcc/arm-none-eabi/14.3.1/../../../../arm-none-eabi/lib/thumb/v7e-m+fp/hard\libc_nano.a
END GROUP
START GROUP
LOAD C:/Users/admin/AppData/Local/stm32cube/bundles/gnu-tools-for-stm32/14.3.1+st.2/bin/../lib/gcc/arm-none-eabi/14.3.1/thumb/v7e-m+fp/hard\libgcc.a
LOAD C:/Users/admin/AppData/Local/stm32cube/bundles/gnu-tools-for-stm32/14.3.1+st.2/bin/../lib/gcc/arm-none-eabi/14.3.1/../../../../arm-none-eabi/lib/thumb/v7e-m+fp/hard\libc_nano.a
END GROUP
LOAD C:/Users/admin/AppData/Local/stm32cube/bundles/gnu-tools-for-stm32/14.3.1+st.2/bin/../lib/gcc/arm-none-eabi/14.3.1/thumb/v7e-m+fp/hard/crtend.o
LOAD C:/Users/admin/AppData/Local/stm32cube/bundles/gnu-tools-for-stm32/14.3.1+st.2/bin/../lib/gcc/arm-none-eabi/14.3.1/thumb/v7e-m+fp/hard/crtn.o
                0x10048000                        _estack = 0x10048000
                0x00000200                        _Min_Heap_Size = 0x200
                0x00000400                        _Min_Stack_Size = 0x400

.isr_vector     0x08100000      0x298
                0x08100000                        . = ALIGN (0x4)
 *(.isr_vector)
 .isr_vector    0x08100000      0x298 CMakeFiles/H755_ServoTest_CM4.dir/Core/Startup/startup_stm32h755xx_CM4.s.obj
                0x08100000                g_pfnVectors
                0x08100298                        . = ALIGN (0x4)

.text           0x08100298      0x9cc
                0x08100298                        . = ALIGN (0x4)
 *(.text)
 .text          0x08100298       0x40 C:/Users/admin/AppData/Local/stm32cube/bundles/gnu-tools-for-stm32/14.3.1+st.2/bin/../lib/gcc/arm-none-eabi/14.3.1/thumb/v7e-m+fp/hard/crtbegin.o
 *(.text*)
 .text.SystemInit
                0x081002d8       0x30 CMakeFiles/STM32_Drivers.dir/C_/Users/admin/OneDrive/Desktop/LRI/HAL-1-HW/temp_H755_Test/H755_ServoTest/Common/Src/system_stm32h7xx_dualcore_boot_cm4_cm7.c.obj
                0x081002d8                SystemInit
 .text.ExitRun0Mode
                0x08100308       0x30 CMakeFiles/STM32_Drivers.dir/C_/Users/admin/OneDrive/Desktop/LRI/HAL-1-HW/temp_H755_Test/H755_ServoTest/Common/Src/system_stm32h7xx_dualcore_boot_cm4_cm7.c.obj
                0x08100308                ExitRun0Mode
 .text.__NVIC_SetPriorityGrouping
                0x08100338       0x48 CMakeFiles/STM32_Drivers.dir/C_/Users/admin/OneDrive/Desktop/LRI/HAL-1-HW/temp_H755_Test/H755_ServoTest/Drivers/STM32H7xx_HAL_Driver/Src/stm32h7xx_hal_cortex.c.obj
 .text.__NVIC_GetPriorityGrouping
                0x08100380       0x1c CMakeFiles/STM32_Drivers.dir/C_/Users/admin/OneDrive/Desktop/LRI/HAL-1-HW/temp_H755_Test/H755_ServoTest/Drivers/STM32H7xx_HAL_Driver/Src/stm32h7xx_hal_cortex.c.obj
 .text.__NVIC_SetPriority
                0x0810039c       0x54 CMakeFiles/STM32_Drivers.dir/C_/Users/admin/OneDrive/Desktop/LRI/HAL-1-HW/temp_H755_Test/H755_ServoTest/Drivers/STM32H7xx_HAL_Driver/Src/stm32h7xx_hal_cortex.c.obj
 .text.NVIC_EncodePriority
                0x081003f0       0x66 CMakeFiles/STM32_Drivers.dir/C_/Users/admin/OneDrive/Desktop/LRI/HAL-1-HW/temp_H755_Test/H755_ServoTest/Drivers/STM32H7xx_HAL_Driver/Src/stm32h7xx_hal_cortex.c.obj
 *fill*         0x08100456        0x2 
 .text.SysTick_Config
                0x08100458       0x44 CMakeFiles/STM32_Drivers.dir/C_/Users/admin/OneDrive/Desktop/LRI/HAL-1-HW/temp_H755_Test/H755_ServoTest/Drivers/STM32H7xx_HAL_Driver/Src/stm32h7xx_hal_cortex.c.obj
 .text.HAL_NVIC_SetPriorityGrouping
                0x0810049c       0x16 CMakeFiles/STM32_Drivers.dir/C_/Users/admin/OneDrive/Desktop/LRI/HAL-1-HW/temp_H755_Test/H755_ServoTest/Drivers/STM32H7xx_HAL_Driver/Src/stm32h7xx_hal_cortex.c.obj
                0x0810049c                HAL_NVIC_SetPriorityGrouping
 .text.HAL_NVIC_SetPriority
                0x081004b2       0x34 CMakeFiles/STM32_Drivers.dir/C_/Users/admin/OneDrive/Desktop/LRI/HAL-1-HW/temp_H755_Test/H755_ServoTest/Drivers/STM32H7xx_HAL_Driver/Src/stm32h7xx_hal_cortex.c.obj
                0x081004b2                HAL_NVIC_SetPriority
 .text.HAL_SYSTICK_Config
                0x081004e6       0x18 CMakeFiles/STM32_Drivers.dir/C_/Users/admin/OneDrive/Desktop/LRI/HAL-1-HW/temp_H755_Test/H755_ServoTest/Drivers/STM32H7xx_HAL_Driver/Src/stm32h7xx_hal_cortex.c.obj
                0x081004e6                HAL_SYSTICK_Config
 *fill*         0x081004fe        0x2 
 .text.HAL_GetCurrentCPUID
                0x08100500       0x24 CMakeFiles/STM32_Drivers.dir/C_/Users/admin/OneDrive/Desktop/LRI/HAL-1-HW/temp_H755_Test/H755_ServoTest/Drivers/STM32H7xx_HAL_Driver/Src/stm32h7xx_hal_cortex.c.obj
                0x08100500                HAL_GetCurrentCPUID
 .text.HAL_RCC_GetSysClockFreq
                0x08100524      0x2f4 CMakeFiles/STM32_Drivers.dir/C_/Users/admin/OneDrive/Desktop/LRI/HAL-1-HW/temp_H755_Test/H755_ServoTest/Drivers/STM32H7xx_HAL_Driver/Src/stm32h7xx_hal_rcc.c.obj
                0x08100524                HAL_RCC_GetSysClockFreq
 .text.HAL_HSEM_ActivateNotification
                0x08100818       0x24 CMakeFiles/STM32_Drivers.dir/C_/Users/admin/OneDrive/Desktop/LRI/HAL-1-HW/temp_H755_Test/H755_ServoTest/Drivers/STM32H7xx_HAL_Driver/Src/stm32h7xx_hal_hsem.c.obj
                0x08100818                HAL_HSEM_ActivateNotification
 .text.HAL_PWREx_EnterSTOPMode
                0x0810083c       0xf4 CMakeFiles/STM32_Drivers.dir/C_/Users/admin/OneDrive/Desktop/LRI/HAL-1-HW/temp_H755_Test/H755_ServoTest/Drivers/STM32H7xx_HAL_Driver/Src/stm32h7xx_hal_pwr_ex.c.obj
                0x0810083c                HAL_PWREx_EnterSTOPMode
 .text.HAL_PWREx_ClearPendingEvent
                0x08100930       0x1a CMakeFiles/STM32_Drivers.dir/C_/Users/admin/OneDrive/Desktop/LRI/HAL-1-HW/temp_H755_Test/H755_ServoTest/Drivers/STM32H7xx_HAL_Driver/Src/stm32h7xx_hal_pwr_ex.c.obj
                0x08100930                HAL_PWREx_ClearPendingEvent
 *fill*         0x0810094a        0x2 
 .text.HAL_Init
                0x0810094c       0xbc CMakeFiles/STM32_Drivers.dir/C_/Users/admin/OneDrive/Desktop/LRI/HAL-1-HW/temp_H755_Test/H755_ServoTest/Drivers/STM32H7xx_HAL_Driver/Src/stm32h7xx_hal.c.obj
                0x0810094c                HAL_Init
 .text.HAL_InitTick
                0x08100a08       0x6c CMakeFiles/STM32_Drivers.dir/C_/Users/admin/OneDrive/Desktop/LRI/HAL-1-HW/temp_H755_Test/H755_ServoTest/Drivers/STM32H7xx_HAL_Driver/Src/stm32h7xx_hal.c.obj
                0x08100a08                HAL_InitTick
 .text.HAL_IncTick
                0x08100a74       0x28 CMakeFiles/STM32_Drivers.dir/C_/Users/admin/OneDrive/Desktop/LRI/HAL-1-HW/temp_H755_Test/H755_ServoTest/Drivers/STM32H7xx_HAL_Driver/Src/stm32h7xx_hal.c.obj
                0x08100a74                HAL_IncTick
 .text.main     0x08100a9c       0x7c CMakeFiles/H755_ServoTest_CM4.dir/Core/Src/main.c.obj
                0x08100a9c                main
 .text.NMI_Handler
                0x08100b18        0x8 CMakeFiles/H755_ServoTest_CM4.dir/Core/Src/stm32h7xx_it.c.obj
                0x08100b18                NMI_Handler
 .text.HardFault_Handler
                0x08100b20        0x8 CMakeFiles/H755_ServoTest_CM4.dir/Core/Src/stm32h7xx_it.c.obj
                0x08100b20                HardFault_Handler
 .text.MemManage_Handler
                0x08100b28        0x8 CMakeFiles/H755_ServoTest_CM4.dir/Core/Src/stm32h7xx_it.c.obj
                0x08100b28                MemManage_Handler
 .text.BusFault_Handler
                0x08100b30        0x8 CMakeFiles/H755_ServoTest_CM4.dir/Core/Src/stm32h7xx_it.c.obj
                0x08100b30                BusFault_Handler
 .text.UsageFault_Handler
                0x08100b38        0x8 CMakeFiles/H755_ServoTest_CM4.dir/Core/Src/stm32h7xx_it.c.obj
                0x08100b38                UsageFault_Handler
 .text.SVC_Handler
                0x08100b40        0xe CMakeFiles/H755_ServoTest_CM4.dir/Core/Src/stm32h7xx_it.c.obj
                0x08100b40                SVC_Handler
 .text.DebugMon_Handler
                0x08100b4e        0xe CMakeFiles/H755_ServoTest_CM4.dir/Core/Src/stm32h7xx_it.c.obj
                0x08100b4e                DebugMon_Handler
 .text.PendSV_Handler
                0x08100b5c        0xe CMakeFiles/H755_ServoTest_CM4.dir/Core/Src/stm32h7xx_it.c.obj
                0x08100b5c                PendSV_Handler
 .text.SysTick_Handler
                0x08100b6a        0xc CMakeFiles/H755_ServoTest_CM4.dir/Core/Src/stm32h7xx_it.c.obj
                0x08100b6a                SysTick_Handler
 *fill*         0x08100b76        0x2 
 .text.HAL_MspInit
                0x08100b78       0x34 CMakeFiles/H755_ServoTest_CM4.dir/Core/Src/stm32h7xx_hal_msp.c.obj
                0x08100b78                HAL_MspInit
 .text.Reset_Handler
                0x08100bac       0x54 CMakeFiles/H755_ServoTest_CM4.dir/Core/Startup/startup_stm32h755xx_CM4.s.obj
                0x08100bac                Reset_Handler
 .text.Default_Handler
                0x08100c00        0x2 CMakeFiles/H755_ServoTest_CM4.dir/Core/Startup/startup_stm32h755xx_CM4.s.obj
                0x08100c00                RTC_Alarm_IRQHandler
                0x08100c00                HASH_RNG_IRQHandler
                0x08100c00                EXTI2_IRQHandler
                0x08100c00                TIM8_CC_IRQHandler
                0x08100c00                HRTIM1_Master_IRQHandler
                0x08100c00                UART8_IRQHandler
                0x08100c00                SPI4_IRQHandler
                0x08100c00                TIM1_CC_IRQHandler
                0x08100c00                BDMA_Channel6_IRQHandler
                0x08100c00                DMA2_Stream5_IRQHandler
                0x08100c00                HRTIM1_FLT_IRQHandler
                0x08100c00                JPEG_IRQHandler
                0x08100c00                DMA1_Stream5_IRQHandler
                0x08100c00                BDMA_Channel1_IRQHandler
                0x08100c00                HRTIM1_TIMD_IRQHandler
                0x08100c00                TAMP_STAMP_IRQHandler
                0x08100c00                EXTI3_IRQHandler
                0x08100c00                LPTIM4_IRQHandler
                0x08100c00                TIM8_TRG_COM_TIM14_IRQHandler
                0x08100c00                LPTIM2_IRQHandler
                0x08100c00                DFSDM1_FLT1_IRQHandler
                0x08100c00                DMAMUX2_OVR_IRQHandler
                0x08100c00                TIM8_UP_TIM13_IRQHandler
                0x08100c00                I2C3_ER_IRQHandler
                0x08100c00                DFSDM1_FLT2_IRQHandler
                0x08100c00                MDMA_IRQHandler
                0x08100c00                LPTIM3_IRQHandler
                0x08100c00                HSEM1_IRQHandler
                0x08100c00                EXTI0_IRQHandler
                0x08100c00                I2C2_EV_IRQHandler
                0x08100c00                DMA1_Stream2_IRQHandler
                0x08100c00                FPU_IRQHandler
                0x08100c00                OTG_HS_WKUP_IRQHandler
                0x08100c00                FDCAN1_IT1_IRQHandler
                0x08100c00                LTDC_ER_IRQHandler
                0x08100c00                DMA2_Stream2_IRQHandler
                0x08100c00                HRTIM1_TIME_IRQHandler
                0x08100c00                SPI1_IRQHandler
                0x08100c00                TIM6_DAC_IRQHandler
                0x08100c00                DCMI_IRQHandler
                0x08100c00                HRTIM1_TIMC_IRQHandler
                0x08100c00                DMA2_Stream3_IRQHandler
                0x08100c00                SAI2_IRQHandler
                0x08100c00                DFSDM1_FLT3_IRQHandler
                0x08100c00                USART6_IRQHandler
                0x08100c00                TIM17_IRQHandler
                0x08100c00                USART3_IRQHandler
                0x08100c00                BDMA_Channel7_IRQHandler
                0x08100c00                CRYP_IRQHandler
                0x08100c00                LPTIM5_IRQHandler
                0x08100c00                UART5_IRQHandler
                0x08100c00                ADC3_IRQHandler
                0x08100c00                DMA2_Stream0_IRQHandler
                0x08100c00                TIM4_IRQHandler
                0x08100c00                BDMA_Channel2_IRQHandler
                0x08100c00                QUADSPI_IRQHandler
                0x08100c00                I2C1_EV_IRQHandler
                0x08100c00                DMA1_Stream6_IRQHandler
                0x08100c00                DMAMUX1_OVR_IRQHandler
                0x08100c00                DMA1_Stream1_IRQHandler
                0x08100c00                TIM16_IRQHandler
                0x08100c00                UART4_IRQHandler
                0x08100c00                BDMA_Channel5_IRQHandler
                0x08100c00                TIM3_IRQHandler
                0x08100c00                RCC_IRQHandler
                0x08100c00                TIM8_BRK_TIM12_IRQHandler
                0x08100c00                TIM1_TRG_COM_IRQHandler
                0x08100c00                Default_Handler
                0x08100c00                ECC_IRQHandler
                0x08100c00                CEC_IRQHandler
                0x08100c00                EXTI15_10_IRQHandler
                0x08100c00                BDMA_Channel0_IRQHandler
                0x08100c00                ADC_IRQHandler
                0x08100c00                DMA1_Stream7_IRQHandler
                0x08100c00                HRTIM1_TIMA_IRQHandler
                0x08100c00                SPI5_IRQHandler
                0x08100c00                TIM7_IRQHandler
                0x08100c00                SDMMC1_IRQHandler
                0x08100c00                TIM5_IRQHandler
                0x08100c00                DMA2_Stream7_IRQHandler
                0x08100c00                TIM15_IRQHandler
                0x08100c00                PVD_AVD_IRQHandler
                0x08100c00                I2C3_EV_IRQHandler
                0x08100c00                EXTI9_5_IRQHandler
                0x08100c00                RTC_WKUP_IRQHandler
                0x08100c00                LTDC_IRQHandler
                0x08100c00                SAI3_IRQHandler
                0x08100c00                ETH_WKUP_IRQHandler
                0x08100c00                SPDIF_RX_IRQHandler
                0x08100c00                SPI2_IRQHandler
                0x08100c00                OTG_HS_EP1_IN_IRQHandler
                0x08100c00                DMA1_Stream0_IRQHandler
                0x08100c00                CRS_IRQHandler
                0x08100c00                CM7_SEV_IRQHandler
                0x08100c00                EXTI4_IRQHandler
                0x08100c00                CM4_SEV_IRQHandler
                0x08100c00                HRTIM1_TIMB_IRQHandler
                0x08100c00                FDCAN2_IT1_IRQHandler
                0x08100c00                ETH_IRQHandler
                0x08100c00                TIM1_UP_IRQHandler
                0x08100c00                WWDG_RST_IRQHandler
                0x08100c00                BDMA_Channel4_IRQHandler
                0x08100c00                OTG_HS_EP1_OUT_IRQHandler
                0x08100c00                WWDG_IRQHandler
                0x08100c00                SPI6_IRQHandler
                0x08100c00                MDIOS_IRQHandler
                0x08100c00                I2C4_EV_IRQHandler
                0x08100c00                FDCAN2_IT0_IRQHandler
                0x08100c00                LPUART1_IRQHandler
                0x08100c00                FDCAN1_IT0_IRQHandler
                0x08100c00                TIM2_IRQHandler
                0x08100c00                OTG_FS_WKUP_IRQHandler
                0x08100c00                OTG_HS_IRQHandler
                0x08100c00                HSEM2_IRQHandler
                0x08100c00                DMA2D_IRQHandler
                0x08100c00                TIM1_BRK_IRQHandler
                0x08100c00                EXTI1_IRQHandler
                0x08100c00                SDMMC2_IRQHandler
                0x08100c00                OTG_FS_EP1_OUT_IRQHandler
                0x08100c00                BDMA_Channel3_IRQHandler
                0x08100c00                HOLD_CORE_IRQHandler
                0x08100c00                UART7_IRQHandler
                0x08100c00                MDIOS_WKUP_IRQHandler
                0x08100c00                USART2_IRQHandler
                0x08100c00                DFSDM1_FLT0_IRQHandler
                0x08100c00                SAI4_IRQHandler
                0x08100c00                I2C2_ER_IRQHandler
                0x08100c00                DMA2_Stream1_IRQHandler
                0x08100c00                FLASH_IRQHandler
                0x08100c00                DMA2_Stream4_IRQHandler
                0x08100c00                USART1_IRQHandler
                0x08100c00                OTG_FS_IRQHandler
                0x08100c00                SPI3_IRQHandler
                0x08100c00                WAKEUP_PIN_IRQHandler
                0x08100c00                DMA1_Stream4_IRQHandler
                0x08100c00                OTG_FS_EP1_IN_IRQHandler
                0x08100c00                I2C1_ER_IRQHandler
                0x08100c00                FMC_IRQHandler
                0x08100c00                FDCAN_CAL_IRQHandler
                0x08100c00                SWPMI1_IRQHandler
                0x08100c00                COMP1_IRQHandler
                0x08100c00                LPTIM1_IRQHandler
                0x08100c00                I2C4_ER_IRQHandler
                0x08100c00                DMA2_Stream6_IRQHandler
                0x08100c00                SAI1_IRQHandler
                0x08100c00                DMA1_Stream3_IRQHandler
 *fill*         0x08100c02        0x2 
 .text.__libc_init_array
                0x08100c04       0x48 C:/Users/admin/AppData/Local/stm32cube/bundles/gnu-tools-for-stm32/14.3.1+st.2/bin/../lib/gcc/arm-none-eabi/14.3.1/../../../../arm-none-eabi/lib/thumb/v7e-m+fp/hard\libg_nano.a(libc_a-init.o)
                0x08100c04                __libc_init_array
 *(.glue_7)
 .glue_7        0x08100c4c        0x0 linker stubs
 *(.glue_7t)
 .glue_7t       0x08100c4c        0x0 linker stubs
 *(.eh_frame)
 .eh_frame      0x08100c4c        0x0 C:/Users/admin/AppData/Local/stm32cube/bundles/gnu-tools-for-stm32/14.3.1+st.2/bin/../lib/gcc/arm-none-eabi/14.3.1/thumb/v7e-m+fp/hard/crtbegin.o
 *(.init)
 .init          0x08100c4c        0x4 C:/Users/admin/AppData/Local/stm32cube/bundles/gnu-tools-for-stm32/14.3.1+st.2/bin/../lib/gcc/arm-none-eabi/14.3.1/thumb/v7e-m+fp/hard/crti.o
                0x08100c4c                _init
 .init          0x08100c50        0x8 C:/Users/admin/AppData/Local/stm32cube/bundles/gnu-tools-for-stm32/14.3.1+st.2/bin/../lib/gcc/arm-none-eabi/14.3.1/thumb/v7e-m+fp/hard/crtn.o
 *(.fini)
 .fini          0x08100c58        0x4 C:/Users/admin/AppData/Local/stm32cube/bundles/gnu-tools-for-stm32/14.3.1+st.2/bin/../lib/gcc/arm-none-eabi/14.3.1/thumb/v7e-m+fp/hard/crti.o
                0x08100c58                _fini
 .fini          0x08100c5c        0x8 C:/Users/admin/AppData/Local/stm32cube/bundles/gnu-tools-for-stm32/14.3.1+st.2/bin/../lib/gcc/arm-none-eabi/14.3.1/thumb/v7e-m+fp/hard/crtn.o
                0x08100c64                        . = ALIGN (0x4)
                0x08100c64                        _etext = .

.vfp11_veneer   0x08100c64        0x0
 .vfp11_veneer  0x08100c64        0x0 linker stubs

.v4_bx          0x08100c64        0x0
 .v4_bx         0x08100c64        0x0 linker stubs

.iplt           0x08100c64        0x0
 .iplt          0x08100c64        0x0 C:/Users/admin/AppData/Local/stm32cube/bundles/gnu-tools-for-stm32/14.3.1+st.2/bin/../lib/gcc/arm-none-eabi/14.3.1/thumb/v7e-m+fp/hard/crtbegin.o

.rodata         0x08100c64       0x10
                0x08100c64                        . = ALIGN (0x4)
 *(.rodata)
 *(.rodata*)
 .rodata.D1CorePrescTable
                0x08100c64       0x10 CMakeFiles/STM32_Drivers.dir/C_/Users/admin/OneDrive/Desktop/LRI/HAL-1-HW/temp_H755_Test/H755_ServoTest/Common/Src/system_stm32h7xx_dualcore_boot_cm4_cm7.c.obj
                0x08100c64                D1CorePrescTable
                0x08100c74                        . = ALIGN (0x4)

.ARM.extab
 *(.ARM.extab* .gnu.linkonce.armextab.*)

.ARM            0x08100c74        0x0
                0x08100c74                        __exidx_start = .
 *(.ARM.exidx*)
                0x08100c74                        __exidx_end = .

.preinit_array  0x08100c74        0x0
                0x08100c74                        PROVIDE (__preinit_array_start = .)
 *(.preinit_array*)
                0x08100c74                        PROVIDE (__preinit_array_end = .)

.init_array     0x08100c74        0x4
                0x08100c74                        PROVIDE (__init_array_start = .)
 *(SORT_BY_NAME(.init_array.*))
 *(.init_array*)
 .init_array    0x08100c74        0x4 C:/Users/admin/AppData/Local/stm32cube/bundles/gnu-tools-for-stm32/14.3.1+st.2/bin/../lib/gcc/arm-none-eabi/14.3.1/thumb/v7e-m+fp/hard/crtbegin.o
                0x08100c78                        PROVIDE (__init_array_end = .)

.fini_array     0x08100c78        0x4
                [!provide]                        PROVIDE (__fini_array_start = .)
 *(SORT_BY_NAME(.fini_array.*))
 *(.fini_array*)
 .fini_array    0x08100c78        0x4 C:/Users/admin/AppData/Local/stm32cube/bundles/gnu-tools-for-stm32/14.3.1+st.2/bin/../lib/gcc/arm-none-eabi/14.3.1/thumb/v7e-m+fp/hard/crtbegin.o
                [!provide]                        PROVIDE (__fini_array_end = .)
                0x08100c7c                        _sidata = LOADADDR (.data)

.rel.dyn        0x08100c7c        0x0
 .rel.iplt      0x08100c7c        0x0 C:/Users/admin/AppData/Local/stm32cube/bundles/gnu-tools-for-stm32/14.3.1+st.2/bin/../lib/gcc/arm-none-eabi/14.3.1/thumb/v7e-m+fp/hard/crtbegin.o

.data           0x10000000       0x10 load address 0x08100c7c
                0x10000000                        . = ALIGN (0x4)
                0x10000000                        _sdata = .
 *(.data)
 *(.data*)
 .data.SystemCoreClock
                0x10000000        0x4 CMakeFiles/STM32_Drivers.dir/C_/Users/admin/OneDrive/Desktop/LRI/HAL-1-HW/temp_H755_Test/H755_ServoTest/Common/Src/system_stm32h7xx_dualcore_boot_cm4_cm7.c.obj
                0x10000000                SystemCoreClock
 .data.SystemD2Clock
                0x10000004        0x4 CMakeFiles/STM32_Drivers.dir/C_/Users/admin/OneDrive/Desktop/LRI/HAL-1-HW/temp_H755_Test/H755_ServoTest/Common/Src/system_stm32h7xx_dualcore_boot_cm4_cm7.c.obj
                0x10000004                SystemD2Clock
 .data.uwTickPrio
                0x10000008        0x4 CMakeFiles/STM32_Drivers.dir/C_/Users/admin/OneDrive/Desktop/LRI/HAL-1-HW/temp_H755_Test/H755_ServoTest/Drivers/STM32H7xx_HAL_Driver/Src/stm32h7xx_hal.c.obj
                0x10000008                uwTickPrio
 .data.uwTickFreq
                0x1000000c        0x1 CMakeFiles/STM32_Drivers.dir/C_/Users/admin/OneDrive/Desktop/LRI/HAL-1-HW/temp_H755_Test/H755_ServoTest/Drivers/STM32H7xx_HAL_Driver/Src/stm32h7xx_hal.c.obj
                0x1000000c                uwTickFreq
                0x10000010                        . = ALIGN (0x4)
 *fill*         0x1000000d        0x3 

.igot.plt       0x10000010        0x0 load address 0x08100c8c
 .igot.plt      0x10000010        0x0 C:/Users/admin/AppData/Local/stm32cube/bundles/gnu-tools-for-stm32/14.3.1+st.2/bin/../lib/gcc/arm-none-eabi/14.3.1/thumb/v7e-m+fp/hard/crtbegin.o

.tdata          0x10000010        0x0 load address 0x08100c8c
 *(.tdata .tdata.* .gnu.linkonce.td.*)
                0x10000010                        . = ALIGN (0x4)
                0x10000010                        _edata = .
                [!provide]                        PROVIDE (__data_end = .)
                [!provide]                        PROVIDE (__tdata_end = .)
                [!provide]                        PROVIDE (__tdata_start = ADDR (.tdata))
                [!provide]                        PROVIDE (__tdata_size = (__tdata_end - __tdata_start))
                [!provide]                        PROVIDE (__data_start = ADDR (.data))
                [!provide]                        PROVIDE (__data_size = (__data_end - __data_start))
                [!provide]                        PROVIDE (__tdata_source = LOADADDR (.tdata))
                [!provide]                        PROVIDE (__tdata_source_end = (LOADADDR (.tdata) + SIZEOF (.tdata)))
                [!provide]                        PROVIDE (__tdata_source_size = (__tdata_source_end - __tdata_source))
                [!provide]                        PROVIDE (__data_source = LOADADDR (.data))
                [!provide]                        PROVIDE (__data_source_end = __tdata_source_end)
                [!provide]                        PROVIDE (__data_source_size = (__data_source_end - __data_source))

.tbss           0x10000010        0x0 load address 0x08100c8c
                0x10000010                        _sbss = .
                0x10000010                        __bss_start__ = _sbss
 *(.tbss .tbss.*)
                0x10000010                        . = ALIGN (0x4)
                [!provide]                        PROVIDE (__tbss_end = .)
                [!provide]                        PROVIDE (__tbss_start = ADDR (.tbss))
                [!provide]                        PROVIDE (__tbss_size = (__tbss_end - __tbss_start))
                [!provide]                        PROVIDE (__tbss_offset = (ADDR (.tbss) - ADDR (.tdata)))
                [!provide]                        PROVIDE (__tls_base = __tdata_start)
                [!provide]                        PROVIDE (__tls_end = __tbss_end)
                [!provide]                        PROVIDE (__tls_size = (__tls_end - __tls_base))
                [!provide]                        PROVIDE (__tls_align = MAX (ALIGNOF (.tdata), ALIGNOF (.tbss)))
                [!provide]                        PROVIDE (__tls_size_align = (((__tls_size + __tls_align) - 0x1) & ~ ((__tls_align - 0x1))))
                [!provide]                        PROVIDE (__arm32_tls_tcb_offset = MAX (0x8, __tls_align))
                [!provide]                        PROVIDE (__arm64_tls_tcb_offset = MAX (0x10, __tls_align))

.bss            0x10000010       0x20 load address 0x08100c8c
 *(.bss)
 .bss           0x10000010       0x1c C:/Users/admin/AppData/Local/stm32cube/bundles/gnu-tools-for-stm32/14.3.1+st.2/bin/../lib/gcc/arm-none-eabi/14.3.1/thumb/v7e-m+fp/hard/crtbegin.o
 *(.bss*)
 .bss.uwTick    0x1000002c        0x4 CMakeFiles/STM32_Drivers.dir/C_/Users/admin/OneDrive/Desktop/LRI/HAL-1-HW/temp_H755_Test/H755_ServoTest/Drivers/STM32H7xx_HAL_Driver/Src/stm32h7xx_hal.c.obj
                0x1000002c                uwTick
 *(COMMON)
                0x10000030                        . = ALIGN (0x4)
                0x10000030                        _ebss = .
                0x10000030                        __bss_end__ = _ebss
                [!provide]                        PROVIDE (__bss_end = .)
                [!provide]                        PROVIDE (__non_tls_bss_start = ADDR (.bss))
                [!provide]                        PROVIDE (__bss_start = __tbss_start)
                [!provide]                        PROVIDE (__bss_size = (__bss_end - __bss_start))

._user_heap_stack
                0x10000030      0x600 load address 0x08100c8c
                0x10000030                        . = ALIGN (0x8)
                [!provide]                        PROVIDE (end = .)
                0x10000030                        PROVIDE (_end = .)
                0x10000230                        . = (. + _Min_Heap_Size)
 *fill*         0x10000030      0x200 
                0x10000630                        . = (. + _Min_Stack_Size)
 *fill*         0x10000230      0x400 
                0x10000630                        . = ALIGN (0x8)

/DISCARD/
 libc.a:*(*)
 libm.a:*(*)
 libgcc.a:*(*)

.ARM.attributes
                0x00000000       0x30
 *(.ARM.attributes)
 .ARM.attributes
                0x00000000       0x22 C:/Users/admin/AppData/Local/stm32cube/bundles/gnu-tools-for-stm32/14.3.1+st.2/bin/../lib/gcc/arm-none-eabi/14.3.1/thumb/v7e-m+fp/hard/crti.o
 .ARM.attributes
                0x00000022       0x34 C:/Users/admin/AppData/Local/stm32cube/bundles/gnu-tools-for-stm32/14.3.1+st.2/bin/../lib/gcc/arm-none-eabi/14.3.1/thumb/v7e-m+fp/hard/crtbegin.o
 .ARM.attributes
                0x00000056       0x34 CMakeFiles/STM32_Drivers.dir/C_/Users/admin/OneDrive/Desktop/LRI/HAL-1-HW/temp_H755_Test/H755_ServoTest/Common/Src/system_stm32h7xx_dualcore_boot_cm4_cm7.c.obj
 .ARM.attributes
                0x0000008a       0x34 CMakeFiles/STM32_Drivers.dir/C_/Users/admin/OneDrive/Desktop/LRI/HAL-1-HW/temp_H755_Test/H755_ServoTest/Drivers/STM32H7xx_HAL_Driver/Src/stm32h7xx_hal_cortex.c.obj
 .ARM.attributes
                0x000000be       0x34 CMakeFiles/STM32_Drivers.dir/C_/Users/admin/OneDrive/Desktop/LRI/HAL-1-HW/temp_H755_Test/H755_ServoTest/Drivers/STM32H7xx_HAL_Driver/Src/stm32h7xx_hal_rcc.c.obj
 .ARM.attributes
                0x000000f2       0x34 CMakeFiles/STM32_Drivers.dir/C_/Users/admin/OneDrive/Desktop/LRI/HAL-1-HW/temp_H755_Test/H755_ServoTest/Drivers/STM32H7xx_HAL_Driver/Src/stm32h7xx_hal_hsem.c.obj
 .ARM.attributes
                0x00000126       0x34 CMakeFiles/STM32_Drivers.dir/C_/Users/admin/OneDrive/Desktop/LRI/HAL-1-HW/temp_H755_Test/H755_ServoTest/Drivers/STM32H7xx_HAL_Driver/Src/stm32h7xx_hal_pwr_ex.c.obj
 .ARM.attributes
                0x0000015a       0x34 CMakeFiles/STM32_Drivers.dir/C_/Users/admin/OneDrive/Desktop/LRI/HAL-1-HW/temp_H755_Test/H755_ServoTest/Drivers/STM32H7xx_HAL_Driver/Src/stm32h7xx_hal.c.obj
 .ARM.attributes
                0x0000018e       0x34 CMakeFiles/H755_ServoTest_CM4.dir/Core/Src/main.c.obj
 .ARM.attributes
                0x000001c2       0x34 CMakeFiles/H755_ServoTest_CM4.dir/Core/Src/stm32h7xx_it.c.obj
 .ARM.attributes
                0x000001f6       0x34 CMakeFiles/H755_ServoTest_CM4.dir/Core/Src/stm32h7xx_hal_msp.c.obj
 .ARM.attributes
                0x0000022a       0x21 CMakeFiles/H755_ServoTest_CM4.dir/Core/Startup/startup_stm32h755xx_CM4.s.obj
 .ARM.attributes
                0x0000024b       0x34 C:/Users/admin/AppData/Local/stm32cube/bundles/gnu-tools-for-stm32/14.3.1+st.2/bin/../lib/gcc/arm-none-eabi/14.3.1/../../../../arm-none-eabi/lib/thumb/v7e-m+fp/hard\libg_nano.a(libc_a-init.o)
 .ARM.attributes
                0x0000027f       0x22 C:/Users/admin/AppData/Local/stm32cube/bundles/gnu-tools-for-stm32/14.3.1+st.2/bin/../lib/gcc/arm-none-eabi/14.3.1/thumb/v7e-m+fp/hard/crtn.o
OUTPUT(H755_ServoTest_CM4.elf elf32-littlearm)
LOAD linker stubs

.debug_info     0x00000000     0x6046
 .debug_info    0x00000000      0x823 CMakeFiles/STM32_Drivers.dir/C_/Users/admin/OneDrive/Desktop/LRI/HAL-1-HW/temp_H755_Test/H755_ServoTest/Common/Src/system_stm32h7xx_dualcore_boot_cm4_cm7.c.obj
 .debug_info    0x00000823      0xf32 CMakeFiles/STM32_Drivers.dir/C_/Users/admin/OneDrive/Desktop/LRI/HAL-1-HW/temp_H755_Test/H755_ServoTest/Drivers/STM32H7xx_HAL_Driver/Src/stm32h7xx_hal_cortex.c.obj
 .debug_info    0x00001755      0xe67 CMakeFiles/STM32_Drivers.dir/C_/Users/admin/OneDrive/Desktop/LRI/HAL-1-HW/temp_H755_Test/H755_ServoTest/Drivers/STM32H7xx_HAL_Driver/Src/stm32h7xx_hal_rcc.c.obj
 .debug_info    0x000025bc      0x3d3 CMakeFiles/STM32_Drivers.dir/C_/Users/admin/OneDrive/Desktop/LRI/HAL-1-HW/temp_H755_Test/H755_ServoTest/Drivers/STM32H7xx_HAL_Driver/Src/stm32h7xx_hal_hsem.c.obj
 .debug_info    0x0000298f     0x1030 CMakeFiles/STM32_Drivers.dir/C_/Users/admin/OneDrive/Desktop/LRI/HAL-1-HW/temp_H755_Test/H755_ServoTest/Drivers/STM32H7xx_HAL_Driver/Src/stm32h7xx_hal_pwr_ex.c.obj
 .debug_info    0x000039bf     0x17b6 CMakeFiles/STM32_Drivers.dir/C_/Users/admin/OneDrive/Desktop/LRI/HAL-1-HW/temp_H755_Test/H755_ServoTest/Drivers/STM32H7xx_HAL_Driver/Src/stm32h7xx_hal.c.obj
 .debug_info    0x00005175      0x80a CMakeFiles/H755_ServoTest_CM4.dir/Core/Src/main.c.obj
 .debug_info    0x0000597f      0x128 CMakeFiles/H755_ServoTest_CM4.dir/Core/Src/stm32h7xx_it.c.obj
 .debug_info    0x00005aa7      0x464 CMakeFiles/H755_ServoTest_CM4.dir/Core/Src/stm32h7xx_hal_msp.c.obj
 .debug_info    0x00005f0b       0x30 CMakeFiles/H755_ServoTest_CM4.dir/Core/Startup/startup_stm32h755xx_CM4.s.obj
 .debug_info    0x00005f3b      0x10b C:/Users/admin/AppData/Local/stm32cube/bundles/gnu-tools-for-stm32/14.3.1+st.2/bin/../lib/gcc/arm-none-eabi/14.3.1/../../../../arm-none-eabi/lib/thumb/v7e-m+fp/hard\libg_nano.a(libc_a-init.o)

.debug_abbrev   0x00000000     0x128d
 .debug_abbrev  0x00000000      0x152 CMakeFiles/STM32_Drivers.dir/C_/Users/admin/OneDrive/Desktop/LRI/HAL-1-HW/temp_H755_Test/H755_ServoTest/Common/Src/system_stm32h7xx_dualcore_boot_cm4_cm7.c.obj
 .debug_abbrev  0x00000152      0x337 CMakeFiles/STM32_Drivers.dir/C_/Users/admin/OneDrive/Desktop/LRI/HAL-1-HW/temp_H755_Test/H755_ServoTest/Drivers/STM32H7xx_HAL_Driver/Src/stm32h7xx_hal_cortex.c.obj
 .debug_abbrev  0x00000489      0x2c8 CMakeFiles/STM32_Drivers.dir/C_/Users/admin/OneDrive/Desktop/LRI/HAL-1-HW/temp_H755_Test/H755_ServoTest/Drivers/STM32H7xx_HAL_Driver/Src/stm32h7xx_hal_rcc.c.obj
 .debug_abbrev  0x00000751      0x1d3 CMakeFiles/STM32_Drivers.dir/C_/Users/admin/OneDrive/Desktop/LRI/HAL-1-HW/temp_H755_Test/H755_ServoTest/Drivers/STM32H7xx_HAL_Driver/Src/stm32h7xx_hal_hsem.c.obj
 .debug_abbrev  0x00000924      0x2d6 CMakeFiles/STM32_Drivers.dir/C_/Users/admin/OneDrive/Desktop/LRI/HAL-1-HW/temp_H755_Test/H755_ServoTest/Drivers/STM32H7xx_HAL_Driver/Src/stm32h7xx_hal_pwr_ex.c.obj
 .debug_abbrev  0x00000bfa      0x29f CMakeFiles/STM32_Drivers.dir/C_/Users/admin/OneDrive/Desktop/LRI/HAL-1-HW/temp_H755_Test/H755_ServoTest/Drivers/STM32H7xx_HAL_Driver/Src/stm32h7xx_hal.c.obj
 .debug_abbrev  0x00000e99      0x1b9 CMakeFiles/H755_ServoTest_CM4.dir/Core/Src/main.c.obj
 .debug_abbrev  0x00001052       0x73 CMakeFiles/H755_ServoTest_CM4.dir/Core/Src/stm32h7xx_it.c.obj
 .debug_abbrev  0x000010c5       0xdb CMakeFiles/H755_ServoTest_CM4.dir/Core/Src/stm32h7xx_hal_msp.c.obj
 .debug_abbrev  0x000011a0       0x24 CMakeFiles/H755_ServoTest_CM4.dir/Core/Startup/startup_stm32h755xx_CM4.s.obj
 .debug_abbrev  0x000011c4       0xc9 C:/Users/admin/AppData/Local/stm32cube/bundles/gnu-tools-for-stm32/14.3.1+st.2/bin/../lib/gcc/arm-none-eabi/14.3.1/../../../../arm-none-eabi/lib/thumb/v7e-m+fp/hard\libg_nano.a(libc_a-init.o)

.debug_aranges  0x00000000      0x6b8
 .debug_aranges
                0x00000000       0x30 CMakeFiles/STM32_Drivers.dir/C_/Users/admin/OneDrive/Desktop/LRI/HAL-1-HW/temp_H755_Test/H755_ServoTest/Common/Src/system_stm32h7xx_dualcore_boot_cm4_cm7.c.obj
 .debug_aranges
                0x00000030      0x130 CMakeFiles/STM32_Drivers.dir/C_/Users/admin/OneDrive/Desktop/LRI/HAL-1-HW/temp_H755_Test/H755_ServoTest/Drivers/STM32H7xx_HAL_Driver/Src/stm32h7xx_hal_cortex.c.obj
 .debug_aranges
                0x00000160       0x88 CMakeFiles/STM32_Drivers.dir/C_/Users/admin/OneDrive/Desktop/LRI/HAL-1-HW/temp_H755_Test/H755_ServoTest/Drivers/STM32H7xx_HAL_Driver/Src/stm32h7xx_hal_rcc.c.obj
 .debug_aranges
                0x000001e8       0x70 CMakeFiles/STM32_Drivers.dir/C_/Users/admin/OneDrive/Desktop/LRI/HAL-1-HW/temp_H755_Test/H755_ServoTest/Drivers/STM32H7xx_HAL_Driver/Src/stm32h7xx_hal_hsem.c.obj
 .debug_aranges
                0x00000258      0x170 CMakeFiles/STM32_Drivers.dir/C_/Users/admin/OneDrive/Desktop/LRI/HAL-1-HW/temp_H755_Test/H755_ServoTest/Drivers/STM32H7xx_HAL_Driver/Src/stm32h7xx_hal_pwr_ex.c.obj
 .debug_aranges
                0x000003c8      0x200 CMakeFiles/STM32_Drivers.dir/C_/Users/admin/OneDrive/Desktop/LRI/HAL-1-HW/temp_H755_Test/H755_ServoTest/Drivers/STM32H7xx_HAL_Driver/Src/stm32h7xx_hal.c.obj
 .debug_aranges
                0x000005c8       0x28 CMakeFiles/H755_ServoTest_CM4.dir/Core/Src/main.c.obj
 .debug_aranges
                0x000005f0       0x60 CMakeFiles/H755_ServoTest_CM4.dir/Core/Src/stm32h7xx_it.c.obj
 .debug_aranges
                0x00000650       0x20 CMakeFiles/H755_ServoTest_CM4.dir/Core/Src/stm32h7xx_hal_msp.c.obj
 .debug_aranges
                0x00000670       0x28 CMakeFiles/H755_ServoTest_CM4.dir/Core/Startup/startup_stm32h755xx_CM4.s.obj
 .debug_aranges
                0x00000698       0x20 C:/Users/admin/AppData/Local/stm32cube/bundles/gnu-tools-for-stm32/14.3.1+st.2/bin/../lib/gcc/arm-none-eabi/14.3.1/../../../../arm-none-eabi/lib/thumb/v7e-m+fp/hard\libg_nano.a(libc_a-init.o)

.debug_rnglists
                0x00000000      0x4ea
 .debug_rnglists
                0x00000000       0x20 CMakeFiles/STM32_Drivers.dir/C_/Users/admin/OneDrive/Desktop/LRI/HAL-1-HW/temp_H755_Test/H755_ServoTest/Common/Src/system_stm32h7xx_dualcore_boot_cm4_cm7.c.obj
 .debug_rnglists
                0x00000020       0xe0 CMakeFiles/STM32_Drivers.dir/C_/Users/admin/OneDrive/Desktop/LRI/HAL-1-HW/temp_H755_Test/H755_ServoTest/Drivers/STM32H7xx_HAL_Driver/Src/stm32h7xx_hal_cortex.c.obj
 .debug_rnglists
                0x00000100       0x68 CMakeFiles/STM32_Drivers.dir/C_/Users/admin/OneDrive/Desktop/LRI/HAL-1-HW/temp_H755_Test/H755_ServoTest/Drivers/STM32H7xx_HAL_Driver/Src/stm32h7xx_hal_rcc.c.obj
 .debug_rnglists
                0x00000168       0x4f CMakeFiles/STM32_Drivers.dir/C_/Users/admin/OneDrive/Desktop/LRI/HAL-1-HW/temp_H755_Test/H755_ServoTest/Drivers/STM32H7xx_HAL_Driver/Src/stm32h7xx_hal_hsem.c.obj
 .debug_rnglists
                0x000001b7      0x117 CMakeFiles/STM32_Drivers.dir/C_/Users/admin/OneDrive/Desktop/LRI/HAL-1-HW/temp_H755_Test/H755_ServoTest/Drivers/STM32H7xx_HAL_Driver/Src/stm32h7xx_hal_pwr_ex.c.obj
 .debug_rnglists
                0x000002ce      0x181 CMakeFiles/STM32_Drivers.dir/C_/Users/admin/OneDrive/Desktop/LRI/HAL-1-HW/temp_H755_Test/H755_ServoTest/Drivers/STM32H7xx_HAL_Driver/Src/stm32h7xx_hal.c.obj
 .debug_rnglists
                0x0000044f       0x19 CMakeFiles/H755_ServoTest_CM4.dir/Core/Src/main.c.obj
 .debug_rnglists
                0x00000468       0x43 CMakeFiles/H755_ServoTest_CM4.dir/Core/Src/stm32h7xx_it.c.obj
 .debug_rnglists
                0x000004ab       0x13 CMakeFiles/H755_ServoTest_CM4.dir/Core/Src/stm32h7xx_hal_msp.c.obj
 .debug_rnglists
                0x000004be       0x19 CMakeFiles/H755_ServoTest_CM4.dir/Core/Startup/startup_stm32h755xx_CM4.s.obj
 .debug_rnglists
                0x000004d7       0x13 C:/Users/admin/AppData/Local/stm32cube/bundles/gnu-tools-for-stm32/14.3.1+st.2/bin/../lib/gcc/arm-none-eabi/14.3.1/../../../../arm-none-eabi/lib/thumb/v7e-m+fp/hard\libg_nano.a(libc_a-init.o)

.debug_macro    0x00000000    0x393d8
 .debug_macro   0x00000000      0x29b CMakeFiles/STM32_Drivers.dir/C_/Users/admin/OneDrive/Desktop/LRI/HAL-1-HW/temp_H755_Test/H755_ServoTest/Common/Src/system_stm32h7xx_dualcore_boot_cm4_cm7.c.obj
 .debug_macro   0x0000029b      0xaf0 CMakeFiles/STM32_Drivers.dir/C_/Users/admin/OneDrive/Desktop/LRI/HAL-1-HW/temp_H755_Test/H755_ServoTest/Common/Src/system_stm32h7xx_dualcore_boot_cm4_cm7.c.obj
 .debug_macro   0x00000d8b       0x2e CMakeFiles/STM32_Drivers.dir/C_/Users/admin/OneDrive/Desktop/LRI/HAL-1-HW/temp_H755_Test/H755_ServoTest/Common/Src/system_stm32h7xx_dualcore_boot_cm4_cm7.c.obj
 .debug_macro   0x00000db9       0x3b CMakeFiles/STM32_Drivers.dir/C_/Users/admin/OneDrive/Desktop/LRI/HAL-1-HW/temp_H755_Test/H755_ServoTest/Common/Src/system_stm32h7xx_dualcore_boot_cm4_cm7.c.obj
 .debug_macro   0x00000df4       0x22 CMakeFiles/STM32_Drivers.dir/C_/Users/admin/OneDrive/Desktop/LRI/HAL-1-HW/temp_H755_Test/H755_ServoTest/Common/Src/system_stm32h7xx_dualcore_boot_cm4_cm7.c.obj
 .debug_macro   0x00000e16       0x8e CMakeFiles/STM32_Drivers.dir/C_/Users/admin/OneDrive/Desktop/LRI/HAL-1-HW/temp_H755_Test/H755_ServoTest/Common/Src/system_stm32h7xx_dualcore_boot_cm4_cm7.c.obj
 .debug_macro   0x00000ea4       0x51 CMakeFiles/STM32_Drivers.dir/C_/Users/admin/OneDrive/Desktop/LRI/HAL-1-HW/temp_H755_Test/H755_ServoTest/Common/Src/system_stm32h7xx_dualcore_boot_cm4_cm7.c.obj
 .debug_macro   0x00000ef5      0x103 CMakeFiles/STM32_Drivers.dir/C_/Users/admin/OneDrive/Desktop/LRI/HAL-1-HW/temp_H755_Test/H755_ServoTest/Common/Src/system_stm32h7xx_dualcore_boot_cm4_cm7.c.obj
 .debug_macro   0x00000ff8       0x6a CMakeFiles/STM32_Drivers.dir/C_/Users/admin/OneDrive/Desktop/LRI/HAL-1-HW/temp_H755_Test/H755_ServoTest/Common/Src/system_stm32h7xx_dualcore_boot_cm4_cm7.c.obj
 .debug_macro   0x00001062      0x1df CMakeFiles/STM32_Drivers.dir/C_/Users/admin/OneDrive/Desktop/LRI/HAL-1-HW/temp_H755_Test/H755_ServoTest/Common/Src/system_stm32h7xx_dualcore_boot_cm4_cm7.c.obj
 .debug_macro   0x00001241       0x1c CMakeFiles/STM32_Drivers.dir/C_/Users/admin/OneDrive/Desktop/LRI/HAL-1-HW/temp_H755_Test/H755_ServoTest/Common/Src/system_stm32h7xx_dualcore_boot_cm4_cm7.c.obj
 .debug_macro   0x0000125d       0x22 CMakeFiles/STM32_Drivers.dir/C_/Users/admin/OneDrive/Desktop/LRI/HAL-1-HW/temp_H755_Test/H755_ServoTest/Common/Src/system_stm32h7xx_dualcore_boot_cm4_cm7.c.obj
 .debug_macro   0x0000127f       0xfb CMakeFiles/STM32_Drivers.dir/C_/Users/admin/OneDrive/Desktop/LRI/HAL-1-HW/temp_H755_Test/H755_ServoTest/Common/Src/system_stm32h7xx_dualcore_boot_cm4_cm7.c.obj
 .debug_macro   0x0000137a     0x1011 CMakeFiles/STM32_Drivers.dir/C_/Users/admin/OneDrive/Desktop/LRI/HAL-1-HW/temp_H755_Test/H755_ServoTest/Common/Src/system_stm32h7xx_dualcore_boot_cm4_cm7.c.obj
 .debug_macro   0x0000238b      0x11f CMakeFiles/STM32_Drivers.dir/C_/Users/admin/OneDrive/Desktop/LRI/HAL-1-HW/temp_H755_Test/H755_ServoTest/Common/Src/system_stm32h7xx_dualcore_boot_cm4_cm7.c.obj
 .debug_macro   0x000024aa    0x27697 CMakeFiles/STM32_Drivers.dir/C_/Users/admin/OneDrive/Desktop/LRI/HAL-1-HW/temp_H755_Test/H755_ServoTest/Common/Src/system_stm32h7xx_dualcore_boot_cm4_cm7.c.obj
 .debug_macro   0x00029b41       0x6d CMakeFiles/STM32_Drivers.dir/C_/Users/admin/OneDrive/Desktop/LRI/HAL-1-HW/temp_H755_Test/H755_ServoTest/Common/Src/system_stm32h7xx_dualcore_boot_cm4_cm7.c.obj
 .debug_macro   0x00029bae      0x238 CMakeFiles/STM32_Drivers.dir/C_/Users/admin/OneDrive/Desktop/LRI/HAL-1-HW/temp_H755_Test/H755_ServoTest/Common/Src/system_stm32h7xx_dualcore_boot_cm4_cm7.c.obj
 .debug_macro   0x00029de6     0x3d79 CMakeFiles/STM32_Drivers.dir/C_/Users/admin/OneDrive/Desktop/LRI/HAL-1-HW/temp_H755_Test/H755_ServoTest/Common/Src/system_stm32h7xx_dualcore_boot_cm4_cm7.c.obj
 .debug_macro   0x0002db5f      0x190 CMakeFiles/STM32_Drivers.dir/C_/Users/admin/OneDrive/Desktop/LRI/HAL-1-HW/temp_H755_Test/H755_ServoTest/Common/Src/system_stm32h7xx_dualcore_boot_cm4_cm7.c.obj
 .debug_macro   0x0002dcef       0x74 CMakeFiles/STM32_Drivers.dir/C_/Users/admin/OneDrive/Desktop/LRI/HAL-1-HW/temp_H755_Test/H755_ServoTest/Common/Src/system_stm32h7xx_dualcore_boot_cm4_cm7.c.obj
 .debug_macro   0x0002dd63       0x2a CMakeFiles/STM32_Drivers.dir/C_/Users/admin/OneDrive/Desktop/LRI/HAL-1-HW/temp_H755_Test/H755_ServoTest/Common/Src/system_stm32h7xx_dualcore_boot_cm4_cm7.c.obj
 .debug_macro   0x0002dd8d       0x3c CMakeFiles/STM32_Drivers.dir/C_/Users/admin/OneDrive/Desktop/LRI/HAL-1-HW/temp_H755_Test/H755_ServoTest/Common/Src/system_stm32h7xx_dualcore_boot_cm4_cm7.c.obj
 .debug_macro   0x0002ddc9       0x34 CMakeFiles/STM32_Drivers.dir/C_/Users/admin/OneDrive/Desktop/LRI/HAL-1-HW/temp_H755_Test/H755_ServoTest/Common/Src/system_stm32h7xx_dualcore_boot_cm4_cm7.c.obj
 .debug_macro   0x0002ddfd      0x364 CMakeFiles/STM32_Drivers.dir/C_/Users/admin/OneDrive/Desktop/LRI/HAL-1-HW/temp_H755_Test/H755_ServoTest/Common/Src/system_stm32h7xx_dualcore_boot_cm4_cm7.c.obj
 .debug_macro   0x0002e161       0x16 CMakeFiles/STM32_Drivers.dir/C_/Users/admin/OneDrive/Desktop/LRI/HAL-1-HW/temp_H755_Test/H755_ServoTest/Common/Src/system_stm32h7xx_dualcore_boot_cm4_cm7.c.obj
 .debug_macro   0x0002e177       0x4a CMakeFiles/STM32_Drivers.dir/C_/Users/admin/OneDrive/Desktop/LRI/HAL-1-HW/temp_H755_Test/H755_ServoTest/Common/Src/system_stm32h7xx_dualcore_boot_cm4_cm7.c.obj
 .debug_macro   0x0002e1c1       0x34 CMakeFiles/STM32_Drivers.dir/C_/Users/admin/OneDrive/Desktop/LRI/HAL-1-HW/temp_H755_Test/H755_ServoTest/Common/Src/system_stm32h7xx_dualcore_boot_cm4_cm7.c.obj
 .debug_macro   0x0002e1f5       0x10 CMakeFiles/STM32_Drivers.dir/C_/Users/admin/OneDrive/Desktop/LRI/HAL-1-HW/temp_H755_Test/H755_ServoTest/Common/Src/system_stm32h7xx_dualcore_boot_cm4_cm7.c.obj
 .debug_macro   0x0002e205       0x58 CMakeFiles/STM32_Drivers.dir/C_/Users/admin/OneDrive/Desktop/LRI/HAL-1-HW/temp_H755_Test/H755_ServoTest/Common/Src/system_stm32h7xx_dualcore_boot_cm4_cm7.c.obj
 .debug_macro   0x0002e25d      0x1de CMakeFiles/STM32_Drivers.dir/C_/Users/admin/OneDrive/Desktop/LRI/HAL-1-HW/temp_H755_Test/H755_ServoTest/Common/Src/system_stm32h7xx_dualcore_boot_cm4_cm7.c.obj
 .debug_macro   0x0002e43b      0x19b CMakeFiles/STM32_Drivers.dir/C_/Users/admin/OneDrive/Desktop/LRI/HAL-1-HW/temp_H755_Test/H755_ServoTest/Common/Src/system_stm32h7xx_dualcore_boot_cm4_cm7.c.obj
 .debug_macro   0x0002e5d6       0x5d CMakeFiles/STM32_Drivers.dir/C_/Users/admin/OneDrive/Desktop/LRI/HAL-1-HW/temp_H755_Test/H755_ServoTest/Common/Src/system_stm32h7xx_dualcore_boot_cm4_cm7.c.obj
 .debug_macro   0x0002e633     0x3b99 CMakeFiles/STM32_Drivers.dir/C_/Users/admin/OneDrive/Desktop/LRI/HAL-1-HW/temp_H755_Test/H755_ServoTest/Common/Src/system_stm32h7xx_dualcore_boot_cm4_cm7.c.obj
 .debug_macro   0x000321cc     0x1072 CMakeFiles/STM32_Drivers.dir/C_/Users/admin/OneDrive/Desktop/LRI/HAL-1-HW/temp_H755_Test/H755_ServoTest/Common/Src/system_stm32h7xx_dualcore_boot_cm4_cm7.c.obj
 .debug_macro   0x0003323e      0x154 CMakeFiles/STM32_Drivers.dir/C_/Users/admin/OneDrive/Desktop/LRI/HAL-1-HW/temp_H755_Test/H755_ServoTest/Common/Src/system_stm32h7xx_dualcore_boot_cm4_cm7.c.obj
 .debug_macro   0x00033392      0x130 CMakeFiles/STM32_Drivers.dir/C_/Users/admin/OneDrive/Desktop/LRI/HAL-1-HW/temp_H755_Test/H755_ServoTest/Common/Src/system_stm32h7xx_dualcore_boot_cm4_cm7.c.obj
 .debug_macro   0x000334c2      0x3c2 CMakeFiles/STM32_Drivers.dir/C_/Users/admin/OneDrive/Desktop/LRI/HAL-1-HW/temp_H755_Test/H755_ServoTest/Common/Src/system_stm32h7xx_dualcore_boot_cm4_cm7.c.obj
 .debug_macro   0x00033884       0xac CMakeFiles/STM32_Drivers.dir/C_/Users/admin/OneDrive/Desktop/LRI/HAL-1-HW/temp_H755_Test/H755_ServoTest/Common/Src/system_stm32h7xx_dualcore_boot_cm4_cm7.c.obj
 .debug_macro   0x00033930      0x72d CMakeFiles/STM32_Drivers.dir/C_/Users/admin/OneDrive/Desktop/LRI/HAL-1-HW/temp_H755_Test/H755_ServoTest/Common/Src/system_stm32h7xx_dualcore_boot_cm4_cm7.c.obj
 .debug_macro   0x0003405d      0x228 CMakeFiles/STM32_Drivers.dir/C_/Users/admin/OneDrive/Desktop/LRI/HAL-1-HW/temp_H755_Test/H755_ServoTest/Common/Src/system_stm32h7xx_dualcore_boot_cm4_cm7.c.obj
 .debug_macro   0x00034285       0x66 CMakeFiles/STM32_Drivers.dir/C_/Users/admin/OneDrive/Desktop/LRI/HAL-1-HW/temp_H755_Test/H755_ServoTest/Common/Src/system_stm32h7xx_dualcore_boot_cm4_cm7.c.obj
 .debug_macro   0x000342eb      0x3bb CMakeFiles/STM32_Drivers.dir/C_/Users/admin/OneDrive/Desktop/LRI/HAL-1-HW/temp_H755_Test/H755_ServoTest/Common/Src/system_stm32h7xx_dualcore_boot_cm4_cm7.c.obj
 .debug_macro   0x000346a6      0x407 CMakeFiles/STM32_Drivers.dir/C_/Users/admin/OneDrive/Desktop/LRI/HAL-1-HW/temp_H755_Test/H755_ServoTest/Common/Src/system_stm32h7xx_dualcore_boot_cm4_cm7.c.obj
 .debug_macro   0x00034aad      0x244 CMakeFiles/STM32_Drivers.dir/C_/Users/admin/OneDrive/Desktop/LRI/HAL-1-HW/temp_H755_Test/H755_ServoTest/Common/Src/system_stm32h7xx_dualcore_boot_cm4_cm7.c.obj
 .debug_macro   0x00034cf1      0x3ca CMakeFiles/STM32_Drivers.dir/C_/Users/admin/OneDrive/Desktop/LRI/HAL-1-HW/temp_H755_Test/H755_ServoTest/Common/Src/system_stm32h7xx_dualcore_boot_cm4_cm7.c.obj
 .debug_macro   0x000350bb      0x4a2 CMakeFiles/STM32_Drivers.dir/C_/Users/admin/OneDrive/Desktop/LRI/HAL-1-HW/temp_H755_Test/H755_ServoTest/Common/Src/system_stm32h7xx_dualcore_boot_cm4_cm7.c.obj
 .debug_macro   0x0003555d       0x51 CMakeFiles/STM32_Drivers.dir/C_/Users/admin/OneDrive/Desktop/LRI/HAL-1-HW/temp_H755_Test/H755_ServoTest/Common/Src/system_stm32h7xx_dualcore_boot_cm4_cm7.c.obj
 .debug_macro   0x000355ae       0x4a CMakeFiles/STM32_Drivers.dir/C_/Users/admin/OneDrive/Desktop/LRI/HAL-1-HW/temp_H755_Test/H755_ServoTest/Common/Src/system_stm32h7xx_dualcore_boot_cm4_cm7.c.obj
 .debug_macro   0x000355f8      0x22c CMakeFiles/STM32_Drivers.dir/C_/Users/admin/OneDrive/Desktop/LRI/HAL-1-HW/temp_H755_Test/H755_ServoTest/Common/Src/system_stm32h7xx_dualcore_boot_cm4_cm7.c.obj
 .debug_macro   0x00035824       0x67 CMakeFiles/STM32_Drivers.dir/C_/Users/admin/OneDrive/Desktop/LRI/HAL-1-HW/temp_H755_Test/H755_ServoTest/Common/Src/system_stm32h7xx_dualcore_boot_cm4_cm7.c.obj
 .debug_macro   0x0003588b       0xa5 CMakeFiles/STM32_Drivers.dir/C_/Users/admin/OneDrive/Desktop/LRI/HAL-1-HW/temp_H755_Test/H755_ServoTest/Common/Src/system_stm32h7xx_dualcore_boot_cm4_cm7.c.obj
 .debug_macro   0x00035930      0x218 CMakeFiles/STM32_Drivers.dir/C_/Users/admin/OneDrive/Desktop/LRI/HAL-1-HW/temp_H755_Test/H755_ServoTest/Common/Src/system_stm32h7xx_dualcore_boot_cm4_cm7.c.obj
 .debug_macro   0x00035b48      0x2ea CMakeFiles/STM32_Drivers.dir/C_/Users/admin/OneDrive/Desktop/LRI/HAL-1-HW/temp_H755_Test/H755_ServoTest/Common/Src/system_stm32h7xx_dualcore_boot_cm4_cm7.c.obj
 .debug_macro   0x00035e32       0x35 CMakeFiles/STM32_Drivers.dir/C_/Users/admin/OneDrive/Desktop/LRI/HAL-1-HW/temp_H755_Test/H755_ServoTest/Common/Src/system_stm32h7xx_dualcore_boot_cm4_cm7.c.obj
 .debug_macro   0x00035e67      0xafa CMakeFiles/STM32_Drivers.dir/C_/Users/admin/OneDrive/Desktop/LRI/HAL-1-HW/temp_H755_Test/H755_ServoTest/Common/Src/system_stm32h7xx_dualcore_boot_cm4_cm7.c.obj
 .debug_macro   0x00036961      0x29f CMakeFiles/STM32_Drivers.dir/C_/Users/admin/OneDrive/Desktop/LRI/HAL-1-HW/temp_H755_Test/H755_ServoTest/Common/Src/system_stm32h7xx_dualcore_boot_cm4_cm7.c.obj
 .debug_macro   0x00036c00      0x693 CMakeFiles/STM32_Drivers.dir/C_/Users/admin/OneDrive/Desktop/LRI/HAL-1-HW/temp_H755_Test/H755_ServoTest/Common/Src/system_stm32h7xx_dualcore_boot_cm4_cm7.c.obj
 .debug_macro   0x00037293       0xa6 CMakeFiles/STM32_Drivers.dir/C_/Users/admin/OneDrive/Desktop/LRI/HAL-1-HW/temp_H755_Test/H755_ServoTest/Common/Src/system_stm32h7xx_dualcore_boot_cm4_cm7.c.obj
 .debug_macro   0x00037339      0x7a4 CMakeFiles/STM32_Drivers.dir/C_/Users/admin/OneDrive/Desktop/LRI/HAL-1-HW/temp_H755_Test/H755_ServoTest/Common/Src/system_stm32h7xx_dualcore_boot_cm4_cm7.c.obj
 .debug_macro   0x00037add      0x29b CMakeFiles/STM32_Drivers.dir/C_/Users/admin/OneDrive/Desktop/LRI/HAL-1-HW/temp_H755_Test/H755_ServoTest/Drivers/STM32H7xx_HAL_Driver/Src/stm32h7xx_hal_cortex.c.obj
 .debug_macro   0x00037d78      0x2bf CMakeFiles/STM32_Drivers.dir/C_/Users/admin/OneDrive/Desktop/LRI/HAL-1-HW/temp_H755_Test/H755_ServoTest/Drivers/STM32H7xx_HAL_Driver/Src/stm32h7xx_hal_rcc.c.obj
 .debug_macro   0x00038037      0x2ad CMakeFiles/STM32_Drivers.dir/C_/Users/admin/OneDrive/Desktop/LRI/HAL-1-HW/temp_H755_Test/H755_ServoTest/Drivers/STM32H7xx_HAL_Driver/Src/stm32h7xx_hal_hsem.c.obj
 .debug_macro   0x000382e4      0x2d4 CMakeFiles/STM32_Drivers.dir/C_/Users/admin/OneDrive/Desktop/LRI/HAL-1-HW/temp_H755_Test/H755_ServoTest/Drivers/STM32H7xx_HAL_Driver/Src/stm32h7xx_hal_pwr_ex.c.obj
 .debug_macro   0x000385b8      0x2c5 CMakeFiles/STM32_Drivers.dir/C_/Users/admin/OneDrive/Desktop/LRI/HAL-1-HW/temp_H755_Test/H755_ServoTest/Drivers/STM32H7xx_HAL_Driver/Src/stm32h7xx_hal.c.obj
 .debug_macro   0x0003887d      0x30b CMakeFiles/H755_ServoTest_CM4.dir/Core/Src/main.c.obj
 .debug_macro   0x00038b88       0x2e CMakeFiles/H755_ServoTest_CM4.dir/Core/Src/main.c.obj
 .debug_macro   0x00038bb6       0x1c CMakeFiles/H755_ServoTest_CM4.dir/Core/Src/main.c.obj
 .debug_macro   0x00038bd2       0x3c CMakeFiles/H755_ServoTest_CM4.dir/Core/Src/main.c.obj
 .debug_macro   0x00038c0e       0x10 CMakeFiles/H755_ServoTest_CM4.dir/Core/Src/main.c.obj
 .debug_macro   0x00038c1e       0x1c CMakeFiles/H755_ServoTest_CM4.dir/Core/Src/main.c.obj
 .debug_macro   0x00038c3a       0x16 CMakeFiles/H755_ServoTest_CM4.dir/Core/Src/main.c.obj
 .debug_macro   0x00038c50      0x170 CMakeFiles/H755_ServoTest_CM4.dir/Core/Src/main.c.obj
 .debug_macro   0x00038dc0       0x10 CMakeFiles/H755_ServoTest_CM4.dir/Core/Src/main.c.obj
 .debug_macro   0x00038dd0      0x309 CMakeFiles/H755_ServoTest_CM4.dir/Core/Src/stm32h7xx_it.c.obj
 .debug_macro   0x000390d9      0x2ff CMakeFiles/H755_ServoTest_CM4.dir/Core/Src/stm32h7xx_hal_msp.c.obj

.debug_line     0x00000000     0x79f5
 .debug_line    0x00000000      0xa60 CMakeFiles/STM32_Drivers.dir/C_/Users/admin/OneDrive/Desktop/LRI/HAL-1-HW/temp_H755_Test/H755_ServoTest/Common/Src/system_stm32h7xx_dualcore_boot_cm4_cm7.c.obj
 .debug_line    0x00000a60      0xea0 CMakeFiles/STM32_Drivers.dir/C_/Users/admin/OneDrive/Desktop/LRI/HAL-1-HW/temp_H755_Test/H755_ServoTest/Drivers/STM32H7xx_HAL_Driver/Src/stm32h7xx_hal_cortex.c.obj
 .debug_line    0x00001900     0x1551 CMakeFiles/STM32_Drivers.dir/C_/Users/admin/OneDrive/Desktop/LRI/HAL-1-HW/temp_H755_Test/H755_ServoTest/Drivers/STM32H7xx_HAL_Driver/Src/stm32h7xx_hal_rcc.c.obj
 .debug_line    0x00002e51      0xa48 CMakeFiles/STM32_Drivers.dir/C_/Users/admin/OneDrive/Desktop/LRI/HAL-1-HW/temp_H755_Test/H755_ServoTest/Drivers/STM32H7xx_HAL_Driver/Src/stm32h7xx_hal_hsem.c.obj
 .debug_line    0x00003899     0x1173 CMakeFiles/STM32_Drivers.dir/C_/Users/admin/OneDrive/Desktop/LRI/HAL-1-HW/temp_H755_Test/H755_ServoTest/Drivers/STM32H7xx_HAL_Driver/Src/stm32h7xx_hal_pwr_ex.c.obj
 .debug_line    0x00004a0c     0x100f CMakeFiles/STM32_Drivers.dir/C_/Users/admin/OneDrive/Desktop/LRI/HAL-1-HW/temp_H755_Test/H755_ServoTest/Drivers/STM32H7xx_HAL_Driver/Src/stm32h7xx_hal.c.obj
 .debug_line    0x00005a1b      0x9e1 CMakeFiles/H755_ServoTest_CM4.dir/Core/Src/main.c.obj
 .debug_line    0x000063fc      0xa63 CMakeFiles/H755_ServoTest_CM4.dir/Core/Src/stm32h7xx_it.c.obj
 .debug_line    0x00006e5f      0x9b3 CMakeFiles/H755_ServoTest_CM4.dir/Core/Src/stm32h7xx_hal_msp.c.obj
 .debug_line    0x00007812       0x7b CMakeFiles/H755_ServoTest_CM4.dir/Core/Startup/startup_stm32h755xx_CM4.s.obj
 .debug_line    0x0000788d      0x168 C:/Users/admin/AppData/Local/stm32cube/bundles/gnu-tools-for-stm32/14.3.1+st.2/bin/../lib/gcc/arm-none-eabi/14.3.1/../../../../arm-none-eabi/lib/thumb/v7e-m+fp/hard\libg_nano.a(libc_a-init.o)

.debug_str      0x00000000   0x182ff8
 .debug_str     0x00000000   0x182ff8 CMakeFiles/STM32_Drivers.dir/C_/Users/admin/OneDrive/Desktop/LRI/HAL-1-HW/temp_H755_Test/H755_ServoTest/Common/Src/system_stm32h7xx_dualcore_boot_cm4_cm7.c.obj
                             0x17f9ee (size before relaxing)
 .debug_str     0x00182ff8   0x1804a4 CMakeFiles/STM32_Drivers.dir/C_/Users/admin/OneDrive/Desktop/LRI/HAL-1-HW/temp_H755_Test/H755_ServoTest/Drivers/STM32H7xx_HAL_Driver/Src/stm32h7xx_hal_cortex.c.obj
 .debug_str     0x00182ff8   0x17ff7e CMakeFiles/STM32_Drivers.dir/C_/Users/admin/OneDrive/Desktop/LRI/HAL-1-HW/temp_H755_Test/H755_ServoTest/Drivers/STM32H7xx_HAL_Driver/Src/stm32h7xx_hal_rcc.c.obj
 .debug_str     0x00182ff8   0x17f888 CMakeFiles/STM32_Drivers.dir/C_/Users/admin/OneDrive/Desktop/LRI/HAL-1-HW/temp_H755_Test/H755_ServoTest/Drivers/STM32H7xx_HAL_Driver/Src/stm32h7xx_hal_hsem.c.obj
 .debug_str     0x00182ff8   0x180053 CMakeFiles/STM32_Drivers.dir/C_/Users/admin/OneDrive/Desktop/LRI/HAL-1-HW/temp_H755_Test/H755_ServoTest/Drivers/STM32H7xx_HAL_Driver/Src/stm32h7xx_hal_pwr_ex.c.obj
 .debug_str     0x00182ff8   0x180d1e CMakeFiles/STM32_Drivers.dir/C_/Users/admin/OneDrive/Desktop/LRI/HAL-1-HW/temp_H755_Test/H755_ServoTest/Drivers/STM32H7xx_HAL_Driver/Src/stm32h7xx_hal.c.obj
 .debug_str     0x00182ff8   0x1809c9 CMakeFiles/H755_ServoTest_CM4.dir/Core/Src/main.c.obj
 .debug_str     0x00182ff8   0x1806a3 CMakeFiles/H755_ServoTest_CM4.dir/Core/Src/stm32h7xx_it.c.obj
 .debug_str     0x00182ff8   0x180844 CMakeFiles/H755_ServoTest_CM4.dir/Core/Src/stm32h7xx_hal_msp.c.obj
 .debug_str     0x00182ff8       0xe7 CMakeFiles/H755_ServoTest_CM4.dir/Core/Startup/startup_stm32h755xx_CM4.s.obj
 .debug_str     0x00182ff8      0x272 C:/Users/admin/AppData/Local/stm32cube/bundles/gnu-tools-for-stm32/14.3.1+st.2/bin/../lib/gcc/arm-none-eabi/14.3.1/../../../../arm-none-eabi/lib/thumb/v7e-m+fp/hard\libg_nano.a(libc_a-init.o)

.comment        0x00000000       0x43
 .comment       0x00000000       0x43 CMakeFiles/STM32_Drivers.dir/C_/Users/admin/OneDrive/Desktop/LRI/HAL-1-HW/temp_H755_Test/H755_ServoTest/Common/Src/system_stm32h7xx_dualcore_boot_cm4_cm7.c.obj
                                 0x44 (size before relaxing)
 .comment       0x00000043       0x44 CMakeFiles/STM32_Drivers.dir/C_/Users/admin/OneDrive/Desktop/LRI/HAL-1-HW/temp_H755_Test/H755_ServoTest/Drivers/STM32H7xx_HAL_Driver/Src/stm32h7xx_hal_cortex.c.obj
 .comment       0x00000043       0x44 CMakeFiles/STM32_Drivers.dir/C_/Users/admin/OneDrive/Desktop/LRI/HAL-1-HW/temp_H755_Test/H755_ServoTest/Drivers/STM32H7xx_HAL_Driver/Src/stm32h7xx_hal_rcc.c.obj
 .comment       0x00000043       0x44 CMakeFiles/STM32_Drivers.dir/C_/Users/admin/OneDrive/Desktop/LRI/HAL-1-HW/temp_H755_Test/H755_ServoTest/Drivers/STM32H7xx_HAL_Driver/Src/stm32h7xx_hal_hsem.c.obj
 .comment       0x00000043       0x44 CMakeFiles/STM32_Drivers.dir/C_/Users/admin/OneDrive/Desktop/LRI/HAL-1-HW/temp_H755_Test/H755_ServoTest/Drivers/STM32H7xx_HAL_Driver/Src/stm32h7xx_hal_pwr_ex.c.obj
 .comment       0x00000043       0x44 CMakeFiles/STM32_Drivers.dir/C_/Users/admin/OneDrive/Desktop/LRI/HAL-1-HW/temp_H755_Test/H755_ServoTest/Drivers/STM32H7xx_HAL_Driver/Src/stm32h7xx_hal.c.obj
 .comment       0x00000043       0x44 CMakeFiles/H755_ServoTest_CM4.dir/Core/Src/main.c.obj
 .comment       0x00000043       0x44 CMakeFiles/H755_ServoTest_CM4.dir/Core/Src/stm32h7xx_it.c.obj
 .comment       0x00000043       0x44 CMakeFiles/H755_ServoTest_CM4.dir/Core/Src/stm32h7xx_hal_msp.c.obj
 .comment       0x00000043       0x44 C:/Users/admin/AppData/Local/stm32cube/bundles/gnu-tools-for-stm32/14.3.1+st.2/bin/../lib/gcc/arm-none-eabi/14.3.1/../../../../arm-none-eabi/lib/thumb/v7e-m+fp/hard\libg_nano.a(libc_a-init.o)

.debug_frame    0x00000000     0x1714
 .debug_frame   0x00000000       0x6c CMakeFiles/STM32_Drivers.dir/C_/Users/admin/OneDrive/Desktop/LRI/HAL-1-HW/temp_H755_Test/H755_ServoTest/Common/Src/system_stm32h7xx_dualcore_boot_cm4_cm7.c.obj
 .debug_frame   0x0000006c      0x4b8 CMakeFiles/STM32_Drivers.dir/C_/Users/admin/OneDrive/Desktop/LRI/HAL-1-HW/temp_H755_Test/H755_ServoTest/Drivers/STM32H7xx_HAL_Driver/Src/stm32h7xx_hal_cortex.c.obj
 .debug_frame   0x00000524      0x1e4 CMakeFiles/STM32_Drivers.dir/C_/Users/admin/OneDrive/Desktop/LRI/HAL-1-HW/temp_H755_Test/H755_ServoTest/Drivers/STM32H7xx_HAL_Driver/Src/stm32h7xx_hal_rcc.c.obj
 .debug_frame   0x00000708      0x194 CMakeFiles/STM32_Drivers.dir/C_/Users/admin/OneDrive/Desktop/LRI/HAL-1-HW/temp_H755_Test/H755_ServoTest/Drivers/STM32H7xx_HAL_Driver/Src/stm32h7xx_hal_hsem.c.obj
 .debug_frame   0x0000089c      0x56c CMakeFiles/STM32_Drivers.dir/C_/Users/admin/OneDrive/Desktop/LRI/HAL-1-HW/temp_H755_Test/H755_ServoTest/Drivers/STM32H7xx_HAL_Driver/Src/stm32h7xx_hal_pwr_ex.c.obj
 .debug_frame   0x00000e08      0x76c CMakeFiles/STM32_Drivers.dir/C_/Users/admin/OneDrive/Desktop/LRI/HAL-1-HW/temp_H755_Test/H755_ServoTest/Drivers/STM32H7xx_HAL_Driver/Src/stm32h7xx_hal.c.obj
 .debug_frame   0x00001574       0x48 CMakeFiles/H755_ServoTest_CM4.dir/Core/Src/main.c.obj
 .debug_frame   0x000015bc       0xf8 CMakeFiles/H755_ServoTest_CM4.dir/Core/Src/stm32h7xx_it.c.obj
 .debug_frame   0x000016b4       0x34 CMakeFiles/H755_ServoTest_CM4.dir/Core/Src/stm32h7xx_hal_msp.c.obj
 .debug_frame   0x000016e8       0x2c C:/Users/admin/AppData/Local/stm32cube/bundles/gnu-tools-for-stm32/14.3.1+st.2/bin/../lib/gcc/arm-none-eabi/14.3.1/../../../../arm-none-eabi/lib/thumb/v7e-m+fp/hard\libg_nano.a(libc_a-init.o)

.debug_line_str
                0x00000000       0xcb
 .debug_line_str
                0x00000000       0xcb CMakeFiles/H755_ServoTest_CM4.dir/Core/Startup/startup_stm32h755xx_CM4.s.obj

.debug_loclists
                0x00000000       0x54
 .debug_loclists
                0x00000000       0x54 C:/Users/admin/AppData/Local/stm32cube/bundles/gnu-tools-for-stm32/14.3.1+st.2/bin/../lib/gcc/arm-none-eabi/14.3.1/../../../../arm-none-eabi/lib/thumb/v7e-m+fp/hard\libg_nano.a(libc_a-init.o)
